
════════════════════════════════════════════════════════════
REPORTE DE USUARIO — 2026-05-22 21:29:30
────────────────────────────────────────────────────────────
Contexto : desconocido
Mensaje  : (sin mensaje)
════════════════════════════════════════════════════════════

════════════════════════════════════════════════════════════
REPORTE DE USUARIO — 2026-05-22 21:29:30
────────────────────────────────────────────────────────────
Contexto : Level 3
Mensaje  : My User feedback
════════════════════════════════════════════════════════════

════════════════════════════════════════════════════════════
REPORTE DE USUARIO — 2026-05-22 21:31:23
────────────────────────────────────────────────────────────
Contexto : desconocido
Mensaje  : (sin mensaje)
════════════════════════════════════════════════════════════

════════════════════════════════════════════════════════════
REPORTE DE USUARIO — 2026-05-22 21:31:23
────────────────────────────────────────────────────────────
Contexto : Level 3
Mensaje  : My User feedback
════════════════════════════════════════════════════════════

════════════════════════════════════════════════════════════
REPORTE DE USUARIO — 2026-05-22 21:33:02
────────────────────────────────────────────────────────────
Contexto : desconocido
Mensaje  : (sin mensaje)
════════════════════════════════════════════════════════════

════════════════════════════════════════════════════════════
REPORTE DE USUARIO — 2026-05-22 21:33:02
────────────────────────────────────────────────────────────
Contexto : Level 3
Mensaje  : My User feedback
════════════════════════════════════════════════════════════

════════════════════════════════════════════════════════════
REPORTE DE USUARIO — 2026-05-22 21:34:18
────────────────────────────────────────────────────────────
Contexto : desconocido
Mensaje  : (sin mensaje)
════════════════════════════════════════════════════════════

════════════════════════════════════════════════════════════
REPORTE DE USUARIO — 2026-05-22 21:34:18
────────────────────────────────────────────────────────────
Contexto : Level 3
Mensaje  : My User feedback
════════════════════════════════════════════════════════════

════════════════════════════════════════════════════════════
REPORTE DE USUARIO — 2026-05-22 21:41:52
────────────────────────────────────────────────────────────
Contexto : desconocido
Mensaje  : (sin mensaje)
════════════════════════════════════════════════════════════

════════════════════════════════════════════════════════════
REPORTE DE USUARIO — 2026-05-22 21:41:52
────────────────────────────────────────────────────────────
Contexto : Level 3
Mensaje  : My User feedback
════════════════════════════════════════════════════════════

════════════════════════════════════════════════════════════
REPORTE DE USUARIO — 2026-05-22 21:44:20
────────────────────────────────────────────────────────────
Contexto : desconocido
Mensaje  : (sin mensaje)
════════════════════════════════════════════════════════════

════════════════════════════════════════════════════════════
REPORTE DE USUARIO — 2026-05-22 21:44:20
────────────────────────────────────────────────────────────
Contexto : Level 3
Mensaje  : My User feedback
════════════════════════════════════════════════════════════

════════════════════════════════════════════════════════════
REPORTE DE USUARIO — 2026-05-22 21:44:32
────────────────────────────────────────────────────────────
Contexto : desconocido
Mensaje  : (sin mensaje)
════════════════════════════════════════════════════════════

════════════════════════════════════════════════════════════
REPORTE DE USUARIO — 2026-05-22 21:44:32
────────────────────────────────────────────────────────────
Contexto : Level 3
Mensaje  : My User feedback
════════════════════════════════════════════════════════════

════════════════════════════════════════════════════════════
REPORTE DE USUARIO — 2026-05-22 21:45:58
────────────────────────────────────────────────────────────
Contexto : desconocido
Mensaje  : (sin mensaje)
════════════════════════════════════════════════════════════

════════════════════════════════════════════════════════════
REPORTE DE USUARIO — 2026-05-22 21:45:58
────────────────────────────────────────────────────────────
Contexto : Level 3
Mensaje  : My User feedback
════════════════════════════════════════════════════════════

════════════════════════════════════════════════════════════
REPORTE DE USUARIO — 2026-05-22 21:48:04
────────────────────────────────────────────────────────────
Contexto : desconocido
Mensaje  : (sin mensaje)
════════════════════════════════════════════════════════════

════════════════════════════════════════════════════════════
REPORTE DE USUARIO — 2026-05-22 21:48:04
────────────────────────────────────────────────────────────
Contexto : Level 3
Mensaje  : My User feedback
════════════════════════════════════════════════════════════

════════════════════════════════════════════════════════════
REPORTE DE USUARIO — 2026-05-22 21:49:49
────────────────────────────────────────────────────────────
Contexto : desconocido
Mensaje  : (sin mensaje)
════════════════════════════════════════════════════════════

════════════════════════════════════════════════════════════
REPORTE DE USUARIO — 2026-05-22 21:49:49
────────────────────────────────────────────────────────────
Contexto : Level 3
Mensaje  : My User feedback
════════════════════════════════════════════════════════════

════════════════════════════════════════════════════════════
REPORTE DE USUARIO — 2026-05-22 21:50:02
────────────────────────────────────────────────────────────
Contexto : desconocido
Mensaje  : (sin mensaje)
════════════════════════════════════════════════════════════

════════════════════════════════════════════════════════════
REPORTE DE USUARIO — 2026-05-22 21:50:02
────────────────────────────────────────────────────────────
Contexto : Level 3
Mensaje  : My User feedback
════════════════════════════════════════════════════════════

════════════════════════════════════════════════════════════
REPORTE DE USUARIO — 2026-05-22 21:52:12
────────────────────────────────────────────────────────────
Contexto : desconocido
Mensaje  : (sin mensaje)
════════════════════════════════════════════════════════════

════════════════════════════════════════════════════════════
REPORTE DE USUARIO — 2026-05-22 21:52:12
────────────────────────────────────────────────────────────
Contexto : Level 3
Mensaje  : My User feedback
════════════════════════════════════════════════════════════

════════════════════════════════════════════════════════════
REPORTE DE USUARIO — 2026-05-22 21:53:20
────────────────────────────────────────────────────────────
Contexto : desconocido
Mensaje  : (sin mensaje)
════════════════════════════════════════════════════════════

════════════════════════════════════════════════════════════
REPORTE DE USUARIO — 2026-05-22 21:53:20
────────────────────────────────────────────────────────────
Contexto : Level 3
Mensaje  : My User feedback
════════════════════════════════════════════════════════════

════════════════════════════════════════════════════════════
REPORTE DE USUARIO — 2026-05-22 21:55:36
────────────────────────────────────────────────────────────
Contexto : desconocido
Mensaje  : (sin mensaje)
════════════════════════════════════════════════════════════

════════════════════════════════════════════════════════════
REPORTE DE USUARIO — 2026-05-22 21:55:36
────────────────────────────────────────────────────────────
Contexto : Level 3
Mensaje  : My User feedback
════════════════════════════════════════════════════════════

════════════════════════════════════════════════════════════
REPORTE DE USUARIO — 2026-05-22 21:56:11
────────────────────────────────────────────────────────────
Contexto : desconocido
Mensaje  : (sin mensaje)
════════════════════════════════════════════════════════════

════════════════════════════════════════════════════════════
REPORTE DE USUARIO — 2026-05-22 21:56:11
────────────────────────────────────────────────────────────
Contexto : Level 3
Mensaje  : My User feedback
════════════════════════════════════════════════════════════

════════════════════════════════════════════════════════════
REPORTE DE USUARIO — 2026-05-22 21:57:29
────────────────────────────────────────────────────────────
Contexto : desconocido
Mensaje  : (sin mensaje)
════════════════════════════════════════════════════════════

════════════════════════════════════════════════════════════
REPORTE DE USUARIO — 2026-05-22 21:57:29
────────────────────────────────────────────────────────────
Contexto : Level 3
Mensaje  : My User feedback
════════════════════════════════════════════════════════════

════════════════════════════════════════════════════════════
REPORTE DE USUARIO — 2026-05-22 23:15:18
────────────────────────────────────────────────────────────
Contexto : desconocido
Mensaje  : (sin mensaje)
════════════════════════════════════════════════════════════

════════════════════════════════════════════════════════════
REPORTE DE USUARIO — 2026-05-22 23:15:18
────────────────────────────────────────────────────────────
Contexto : Level 3
Mensaje  : My User feedback
════════════════════════════════════════════════════════════

════════════════════════════════════════════════════════════
REPORTE DE USUARIO — 2026-05-22 23:15:37
────────────────────────────────────────────────────────────
Contexto : desconocido
Mensaje  : (sin mensaje)
════════════════════════════════════════════════════════════

════════════════════════════════════════════════════════════
REPORTE DE USUARIO — 2026-05-22 23:15:37
────────────────────────────────────────────────────────────
Contexto : Level 3
Mensaje  : My User feedback
════════════════════════════════════════════════════════════

════════════════════════════════════════════════════════════
REPORTE DE USUARIO — 2026-05-22 23:15:45
────────────────────────────────────────────────────────────
Contexto : desconocido
Mensaje  : (sin mensaje)
════════════════════════════════════════════════════════════

════════════════════════════════════════════════════════════
REPORTE DE USUARIO — 2026-05-22 23:15:45
────────────────────────────────────────────────────────────
Contexto : Level 3
Mensaje  : My User feedback
════════════════════════════════════════════════════════════
